
Running 62 tests using 1 worker

(node:11823) Warning: The 'NO_COLOR' env is ignored due to the 'FORCE_COLOR' env being set.
(Use `node --trace-warnings ...` to show where the warning was created)
(node:11823) Warning: The 'NO_COLOR' env is ignored due to the 'FORCE_COLOR' env being set.
(Use `node --trace-warnings ...` to show where the warning was created)
  ✓   1 tests/e2e/data-table-accessibility.spec.ts:57:9 › shared table controls retain accessible names and keyboard behavior at 320px in light (4.3s)
  ✓   2 tests/e2e/data-table-accessibility.spec.ts:57:9 › shared table controls retain accessible names and keyboard behavior at 700px in light (3.2s)
  ✓   3 tests/e2e/data-table-accessibility.spec.ts:57:9 › shared table controls retain accessible names and keyboard behavior at 1280px in light (2.7s)
  ✓   4 tests/e2e/data-table-accessibility.spec.ts:57:9 › shared table controls retain accessible names and keyboard behavior at 320px in dark (2.4s)
  ✓   5 tests/e2e/data-table-accessibility.spec.ts:57:9 › shared table controls retain accessible names and keyboard behavior at 700px in dark (2.2s)
  ✓   6 tests/e2e/data-table-accessibility.spec.ts:57:9 › shared table controls retain accessible names and keyboard behavior at 1280px in dark (2.1s)
  ✓   7 tests/e2e/dialog-dismissal.spec.ts:65:7 › dialog finishes closing after canceled exit without replacement motion (1.5s)
  ✓   8 tests/e2e/dialog-dismissal.spec.ts:65:7 › dialog finishes closing after canceled exit with replacement motion (1.8s)
  ✓   9 tests/e2e/dialog-dismissal.spec.ts:166:5 › reduced-motion dialogs close and reopen without retaining their portal (1.3s)
  ✓  10 tests/e2e/donor-wallet-layout.spec.ts:44:11 › wallet fields and local actions remain usable in light at 320px with reduce motion (5.2s)
  ✓  11 tests/e2e/donor-wallet-layout.spec.ts:44:11 › wallet fields and local actions remain usable in light at 320px with no-preference motion (8.7s)
  ✓  12 tests/e2e/donor-wallet-layout.spec.ts:44:11 › wallet fields and local actions remain usable in light at 1280px with reduce motion (5.3s)
  ✓  13 tests/e2e/donor-wallet-layout.spec.ts:44:11 › wallet fields and local actions remain usable in light at 1280px with no-preference motion (8.7s)
  ✓  14 tests/e2e/donor-wallet-layout.spec.ts:44:11 › wallet fields and local actions remain usable in dark at 320px with reduce motion (4.7s)
  ✓  15 tests/e2e/donor-wallet-layout.spec.ts:44:11 › wallet fields and local actions remain usable in dark at 320px with no-preference motion (9.1s)
  ✓  16 tests/e2e/donor-wallet-layout.spec.ts:44:11 › wallet fields and local actions remain usable in dark at 1280px with reduce motion (4.6s)
  ✓  17 tests/e2e/donor-wallet-layout.spec.ts:44:11 › wallet fields and local actions remain usable in dark at 1280px with no-preference motion (9.3s)
  ✓  18 tests/e2e/missionary-dashboard-charts.spec.ts:69:11 › missionary charts retain container geometry and tooltip values at 320px in light, motion reduce (1.0s)
  ✓  19 tests/e2e/missionary-dashboard-charts.spec.ts:69:11 › missionary charts retain container geometry and tooltip values at 320px in light, motion no-preference (1.6s)
  ✓  20 tests/e2e/missionary-dashboard-charts.spec.ts:69:11 › missionary charts retain container geometry and tooltip values at 320px in dark, motion reduce (1.0s)
  ✓  21 tests/e2e/missionary-dashboard-charts.spec.ts:69:11 › missionary charts retain container geometry and tooltip values at 320px in dark, motion no-preference (1.5s)
  ✓  22 tests/e2e/missionary-dashboard-charts.spec.ts:69:11 › missionary charts retain container geometry and tooltip values at 768px in light, motion reduce (1.3s)
  ✓  23 tests/e2e/missionary-dashboard-charts.spec.ts:69:11 › missionary charts retain container geometry and tooltip values at 768px in light, motion no-preference (1.6s)
  ✓  24 tests/e2e/missionary-dashboard-charts.spec.ts:69:11 › missionary charts retain container geometry and tooltip values at 768px in dark, motion reduce (1.1s)
  ✓  25 tests/e2e/missionary-dashboard-charts.spec.ts:69:11 › missionary charts retain container geometry and tooltip values at 768px in dark, motion no-preference (1.4s)
  ✓  26 tests/e2e/missionary-dashboard-charts.spec.ts:69:11 › missionary charts retain container geometry and tooltip values at 1280px in light, motion reduce (1.1s)
  ✓  27 tests/e2e/missionary-dashboard-charts.spec.ts:69:11 › missionary charts retain container geometry and tooltip values at 1280px in light, motion no-preference (1.9s)
  ✓  28 tests/e2e/missionary-dashboard-charts.spec.ts:69:11 › missionary charts retain container geometry and tooltip values at 1280px in dark, motion reduce (1.3s)
  ✓  29 tests/e2e/missionary-dashboard-charts.spec.ts:69:11 › missionary charts retain container geometry and tooltip values at 1280px in dark, motion no-preference (2.0s)
  ✓  30 tests/e2e/missionary-summary-layout.spec.ts:56:9 › missionary funds and loading placeholders fit 375px in light (1.3s)
  ✓  31 tests/e2e/missionary-summary-layout.spec.ts:56:9 › missionary funds and loading placeholders fit 768px in light (1.2s)
  ✓  32 tests/e2e/missionary-summary-layout.spec.ts:56:9 › missionary funds and loading placeholders fit 1280px in light (1.2s)
  ✓  33 tests/e2e/missionary-summary-layout.spec.ts:56:9 › missionary funds and loading placeholders fit 375px in dark (849ms)
  ✓  34 tests/e2e/missionary-summary-layout.spec.ts:56:9 › missionary funds and loading placeholders fit 768px in dark (1.3s)
  ✓  35 tests/e2e/missionary-summary-layout.spec.ts:56:9 › missionary funds and loading placeholders fit 1280px in dark (1.3s)
  ✓  36 tests/e2e/popover-positioning.spec.ts:78:5 › popover preserves anchored placement when collision preference is omitted (1.2s)
  ✓  37 tests/e2e/popover-positioning.spec.ts:96:9 › popover viewport shift keeps calendar usable in light at 320x568 (2.3s)
  ✓  38 tests/e2e/popover-positioning.spec.ts:96:9 › popover viewport shift keeps calendar usable in light at 844x390 (1.5s)
  ✓  39 tests/e2e/popover-positioning.spec.ts:96:9 › popover viewport shift keeps calendar usable in dark at 320x568 (1.8s)
  ✓  40 tests/e2e/popover-positioning.spec.ts:96:9 › popover viewport shift keeps calendar usable in dark at 844x390 (1.4s)
  ✓  41 tests/e2e/public-about-layout.spec.ts:84:9 › About content and links remain usable at 320x568 with reduce motion (3.1s)
  ✓  42 tests/e2e/public-about-layout.spec.ts:84:9 › About content and links remain usable at 1024x900 with reduce motion (2.3s)
  ✓  43 tests/e2e/public-about-layout.spec.ts:84:9 › About content and links remain usable at 844x390 with reduce motion (2.6s)
  ✓  44 tests/e2e/public-about-layout.spec.ts:84:9 › About content and links remain usable at 320x568 with no-preference motion (7.2s)
  ✓  45 tests/e2e/public-about-layout.spec.ts:84:9 › About content and links remain usable at 1024x900 with no-preference motion (4.8s)
  ✓  46 tests/e2e/public-about-layout.spec.ts:84:9 › About content and links remain usable at 844x390 with no-preference motion (4.9s)
  ✓  47 tests/e2e/shared-primitive-contrast.spec.ts:136:9 › shared destructive menu text remains readable in light at 375px (1.5s)
  ✓  48 tests/e2e/shared-primitive-contrast.spec.ts:136:9 › shared destructive menu text remains readable in light at 1280px (1.5s)
  ✓  49 tests/e2e/shared-primitive-contrast.spec.ts:136:9 › shared destructive menu text remains readable in dark at 375px (1.5s)
  ✓  50 tests/e2e/shared-primitive-contrast.spec.ts:136:9 › shared destructive menu text remains readable in dark at 1280px (1.5s)
  ✓  51 tests/e2e/shared-primitive-contrast.spec.ts:214:9 › shared alert, avatar and field text remains readable in light at 375px (1.0s)
  ✓  52 tests/e2e/shared-primitive-contrast.spec.ts:214:9 › shared alert, avatar and field text remains readable in light at 1280px (1.1s)
  ✓  53 tests/e2e/shared-primitive-contrast.spec.ts:214:9 › shared alert, avatar and field text remains readable in dark at 375px (1.1s)
  ✓  54 tests/e2e/shared-primitive-contrast.spec.ts:214:9 › shared alert, avatar and field text remains readable in dark at 1280px (1.2s)
  ✓  55 tests/e2e/shared-primitive-contrast.spec.ts:311:11 › shared tabs default remain readable and keyboard-operable in light at 375px (1.9s)
  ✓  56 tests/e2e/shared-primitive-contrast.spec.ts:311:11 › shared tabs default remain readable and keyboard-operable in light at 1280px (1.9s)
  ✓  57 tests/e2e/shared-primitive-contrast.spec.ts:311:11 › shared tabs default remain readable and keyboard-operable in dark at 375px (1.8s)
  ✓  58 tests/e2e/shared-primitive-contrast.spec.ts:311:11 › shared tabs default remain readable and keyboard-operable in dark at 1280px (2.0s)
  ✓  59 tests/e2e/shared-primitive-contrast.spec.ts:311:11 › shared tabs line remain readable and keyboard-operable in light at 375px (1.9s)
  ✓  60 tests/e2e/shared-primitive-contrast.spec.ts:311:11 › shared tabs line remain readable and keyboard-operable in light at 1280px (1.9s)
  ✓  61 tests/e2e/shared-primitive-contrast.spec.ts:311:11 › shared tabs line remain readable and keyboard-operable in dark at 375px (1.9s)
  ✓  62 tests/e2e/shared-primitive-contrast.spec.ts:311:11 › shared tabs line remain readable and keyboard-operable in dark at 1280px (1.7s)

  62 passed (2.9m)
